// Jest Snapshot v1, https://goo.gl/fbAQLP

exports[`renders correctly 1`] = `
<RCTSafeAreaView
  emulateUnlessSupported={true}
  style={
    Array [
      Object {
        "backgroundColor": "#0B121E",
        "flex": 1,
      },
      Object {
        "alignItems": "center",
      },
    ]
  }
>
  <View
    style={
      Object {
        "alignItems": "flex-end",
        "width": "100%",
      }
    }
  >
    <Text
      style={
        Object {
          "color": "#FFFFFF",
          "fontSize": 24,
          "lineHeight": 28,
          "margin": 16,
          "marginBottom": 2,
        }
      }
    >
      
    </Text>
  </View>
  <View
    style={
      Object {
        "backgroundColor": "red",
        "flex": 1,
      }
    }
  />
  <Text
    style={
      Array [
        Object {
          "color": "#FFFFFF",
          "fontSize": 24,
          "lineHeight": 28,
          "margin": 16,
          "marginBottom": 2,
        },
        Object {
          "color": "#adff2f",
        },
      ]
    }
  >
    4 variations of a button
  </Text>
  <View
    accessible={true}
    focusable={true}
    onClick={[Function]}
    onResponderGrant={[Function]}
    onResponderMove={[Function]}
    onResponderRelease={[Function]}
    onResponderTerminate={[Function]}
    onResponderTerminationRequest={[Function]}
    onStartShouldSetResponder={[Function]}
    style={
      Object {
        "alignItems": "center",
        "borderRadius": 10,
        "height": 50,
        "justifyContent": "center",
        "margin": 20,
        "opacity": 1,
        "width": "80%",
      }
    }
    testID="ButtonOption1"
  >
    <Text
      style={
        Array [
          Object {
            "color": "#FFFFFF",
            "fontSize": 18,
            "fontWeight": "bold",
          },
          Object {
            "color": "blue",
          },
        ]
      }
    >
      Press me
    </Text>
  </View>
  <View
    accessible={true}
    focusable={true}
    onClick={[Function]}
    onResponderGrant={[Function]}
    onResponderMove={[Function]}
    onResponderRelease={[Function]}
    onResponderTerminate={[Function]}
    onResponderTerminationRequest={[Function]}
    onStartShouldSetResponder={[Function]}
    style={
      Object {
        "alignItems": "center",
        "backgroundColor": "#008080",
        "borderRadius": 10,
        "height": 50,
        "justifyContent": "center",
        "margin": 20,
        "opacity": 1,
        "width": "80%",
      }
    }
    testID="ButtonOption2"
  >
    <Text
      style={
        Array [
          Object {
            "color": "#FFFFFF",
            "fontSize": 18,
            "fontWeight": "bold",
          },
          undefined,
        ]
      }
    >
      Press me
    </Text>
  </View>
  <View
    accessible={true}
    focusable={true}
    onClick={[Function]}
    onResponderGrant={[Function]}
    onResponderMove={[Function]}
    onResponderRelease={[Function]}
    onResponderTerminate={[Function]}
    onResponderTerminationRequest={[Function]}
    onStartShouldSetResponder={[Function]}
    style={
      Object {
        "alignItems": "center",
        "backgroundColor": "#f7a934",
        "borderRadius": 10,
        "height": 50,
        "justifyContent": "center",
        "margin": 20,
        "opacity": 1,
        "width": "80%",
      }
    }
    testID="ButtonOption3"
  >
    <Text
      style={
        Array [
          Object {
            "color": "#FFFFFF",
            "fontSize": 18,
            "fontWeight": "bold",
          },
          undefined,
        ]
      }
    >
      Press me
    </Text>
  </View>
  <View />
</RCTSafeAreaView>
`;
