// Jest Snapshot v1, https://goo.gl/fbAQLP

exports[`renders correctly 1`] = `
<RCTSafeAreaView
  emulateUnlessSupported={true}
  style={
    Array [
      Object {
        "backgroundColor": "#0B121E",
        "flex": 1,
      },
      Object {
        "alignItems": "center",
        "justifyContent": "center",
      },
    ]
  }
>
  <View
    style={
      Object {
        "backgroundColor": "red",
        "flex": 1,
      }
    }
  />
  <Text
    style={
      Array [
        Object {
          "color": "#FFFFFF",
          "fontSize": 24,
          "lineHeight": 28,
          "margin": 16,
          "marginBottom": 2,
        },
        undefined,
      ]
    }
  >
    Welcome to Investec
  </Text>
  <View
    style={
      Object {
        "backgroundColor": "red",
        "flex": 1,
      }
    }
  />
  <View
    style={
      Array [
        Object {
          "alignItems": "center",
          "backgroundColor": "#FFFFFF",
          "borderColor": "rgba(11, 18, 30, 0.1)",
          "borderRadius": 10,
          "borderWidth": 1,
          "flexDirection": "row",
          "margin": 20,
          "padding": 16,
          "width": "80%",
        },
        undefined,
      ]
    }
  >
    <TextInput
      allowFontScaling={true}
      autoCorrect={false}
      onChangeText={[Function]}
      placeholder="Enter Your Name"
      placeholderTextColor="#747577"
      rejectResponderTermination={true}
      style={
        Array [
          Object {
            "color": "#101313",
            "flex": 1,
            "fontSize": 14,
            "lineHeight": 16,
            "padding": 0,
          },
          undefined,
        ]
      }
      underlineColorAndroid="transparent"
      value=""
    />
  </View>
  <View
    accessible={true}
    focusable={true}
    onClick={[Function]}
    onResponderGrant={[Function]}
    onResponderMove={[Function]}
    onResponderRelease={[Function]}
    onResponderTerminate={[Function]}
    onResponderTerminationRequest={[Function]}
    onStartShouldSetResponder={[Function]}
    style={
      Object {
        "alignItems": "center",
        "backgroundColor": "#f7a934",
        "borderRadius": 10,
        "height": 50,
        "justifyContent": "center",
        "margin": 20,
        "opacity": 1,
        "width": "80%",
      }
    }
  >
    <Text
      style={
        Array [
          Object {
            "color": "#FFFFFF",
            "fontSize": 18,
            "fontWeight": "bold",
          },
          undefined,
        ]
      }
    >
      Continue
    </Text>
  </View>
  <View
    style={
      Object {
        "backgroundColor": "red",
        "flex": 1,
      }
    }
  />
  <Modal
    hardwareAccelerated={false}
    onRequestClose={[Function]}
    transparent={true}
    visible={false}
  >
    <View
      style={
        Object {
          "alignItems": "center",
          "flex": 1,
          "justifyContent": "center",
        }
      }
    >
      <View />
      <View
        style={
          Object {
            "alignItems": "center",
            "backgroundColor": "#FFFFFF",
            "borderRadius": 12,
            "elevation": 1,
            "justifyContent": "center",
            "maxHeight": 740,
            "maxWidth": 340,
            "paddingHorizontal": 20,
            "paddingVertical": 30,
            "shadowColor": "#0B121E",
            "shadowOffset": Object {
              "height": -5,
              "width": 0,
            },
            "shadowOpacity": 0.2,
            "shadowRadius": 15,
          }
        }
      >
        <Text
          style={
            Array [
              Object {
                "color": "#FFFFFF",
                "fontSize": 24,
                "lineHeight": 28,
                "margin": 16,
                "marginBottom": 2,
              },
              Object {
                "color": "#0B121E",
                "fontSize": 18,
                "fontWeight": "bold",
                "marginVertical": 9,
                "textAlign": "center",
              },
            ]
          }
        >
          Device Type
        </Text>
        <Text
          style={
            Array [
              Object {
                "color": "#FFFFFF",
                "fontSize": 24,
                "lineHeight": 28,
                "margin": 16,
                "marginBottom": 2,
              },
              Object {
                "color": "#747577",
                "fontSize": 16,
                "marginBottom": 32,
                "textAlign": "center",
              },
            ]
          }
        >
          You are running on 
        </Text>
        <View
          accessible={true}
          focusable={true}
          onClick={[Function]}
          onResponderGrant={[Function]}
          onResponderMove={[Function]}
          onResponderRelease={[Function]}
          onResponderTerminate={[Function]}
          onResponderTerminationRequest={[Function]}
          onStartShouldSetResponder={[Function]}
          style={
            Object {
              "alignItems": "center",
              "backgroundColor": "#f7a934",
              "borderRadius": 10,
              "height": 50,
              "justifyContent": "center",
              "margin": 20,
              "opacity": 1,
              "width": 300,
            }
          }
        >
          <Text
            style={
              Array [
                Object {
                  "color": "#FFFFFF",
                  "fontSize": 18,
                  "fontWeight": "bold",
                },
                undefined,
              ]
            }
          >
            Okay
          </Text>
        </View>
      </View>
    </View>
  </Modal>
</RCTSafeAreaView>
`;
